// Jest Snapshot v1, https://goo.gl/fbAQLP

exports[`matches snapshot 1`] = `
<div
  className="box"
  style={
    Object {
      "backgroundColor": undefined,
      "height": undefined,
      "width": undefined,
    }
  }
/>
`;
